2025-06-09 15:32:05,794 - api.tasks - INFO - tasks - process_pdf_text_for_statements - 4458 - ğŸ¯ Using bill-based processing for 94 bills
2025-06-09 15:32:05,794 - api.tasks - INFO - tasks - extract_statements_with_bill_based_chunking - 2902 - ğŸ”„ Using bill-based chunked processing for session: 54810
2025-06-09 15:32:05,794 - api.tasks - INFO - tasks - extract_statements_with_bill_based_chunking - 2926 - ğŸ” Step 1: Identifying bill segments for session 54810
2025-06-09 15:32:47,301 - api.tasks - ERROR - tasks - extract_statements_with_bill_based_chunking - 3073 - Error in bill segmentation: Expecting value: line 1 column 1 (char 0). Will process as single bill segment.
2025-06-09 15:32:47,301 - api.tasks - INFO - tasks - extract_statements_with_bill_based_chunking - 3172 - ğŸ” Step 2: Processing 1 bill segments in chunks with multithreading
2025-06-09 15:32:47,301 - api.tasks - INFO - tasks - extract_statements_with_bill_based_chunking - 3180 - --- Processing bill segment: 94. AI ë””ì§€í„¸êµê³¼ì„œ ë„ì…ê³¼ì •ì— ëŒ€í•œ ê°ì‚¬ì› ê°ì‚¬ìš”êµ¬ì•ˆ(êµìœ¡ìœ„ì›ì¥ ì œì¶œ)(ì˜ì•ˆë²ˆí˜¸ 2208268) (53725 chars) ---
2025-06-09 15:32:47,301 - api.tasks - INFO - tasks - extract_statements_for_bill_segment - 1907 - ğŸ” Processing bill segment: '94. AI ë””ì§€í„¸êµê³¼ì„œ ë„ì…ê³¼ì •ì— ëŒ€í•œ ê°ì‚¬ì› ê°ì‚¬ìš”êµ¬ì•ˆ(êµìœ¡ìœ„ì›ì¥ ì œì¶œ)(ì˜ì•ˆë²ˆí˜¸ 2208268)' (session: 54810) - 53725 chars
2025-06-09 15:32:47,301 - api.tasks - INFO - tasks - get_speech_segment_indices_from_llm - 2045 - ğŸ¯ Getting speech segment indices for bill '94. AI ë””ì§€í„¸êµê³¼ì„œ ë„ì…ê³¼ì •ì— ëŒ€í•œ ê°ì‚¬ì› ê°ì‚¬ìš”êµ¬ì•ˆ(êµìœ¡ìœ„ì›ì¥ ì œì¶œ)(ì˜ì•ˆë²ˆí˜¸ 22...' (53725 chars)
2025-06-09 15:32:47,301 - api.tasks - INFO - tasks - get_speech_segment_indices_from_llm - 2058 - ğŸ”„ Processing large text in batches (max 50000 chars per batch)
2025-06-09 15:32:47,301 - api.tasks - INFO - tasks - get_speech_segment_indices_from_llm - 2072 - ğŸ“¦ Processing batch 1: chars 0-50000
2025-06-09 15:32:47,301 - api.tasks - INFO - tasks - _process_single_segmentation_batch - 2150 - Found 28 speech segments using â—¯ marker fallback
2025-06-09 15:32:47,301 - api.tasks - INFO - tasks - get_speech_segment_indices_from_llm - 2096 - âœ… Batch 1: Found 28 speech segments
2025-06-09 15:32:47,301 - api.tasks - INFO - tasks - get_speech_segment_indices_from_llm - 2110 - â³ Resting 3s before next batch...
2025-06-09 15:32:50,301 - api.tasks - INFO - tasks - get_speech_segment_indices_from_llm - 2072 - ğŸ“¦ Processing batch 2: chars 45000-53725
2025-06-09 15:32:50,302 - api.tasks - INFO - tasks - _process_single_segmentation_batch - 2150 - Found 5 speech segments using â—¯ marker fallback
2025-06-09 15:32:50,302 - api.tasks - INFO - tasks - get_speech_segment_indices_from_llm - 2096 - âœ… Batch 2: Found 0 speech segments
2025-06-09 15:32:50,302 - api.tasks - INFO - tasks - _deduplicate_speech_segments - 2420 - ğŸ”§ Deduplicated 28 segments to 28 unique segments
2025-06-09 15:32:50,302 - api.tasks - INFO - tasks - get_speech_segment_indices_from_llm - 2116 - ğŸ‰ Batch processing complete: 28 total speech segments from 2 batches
2025-06-09 15:32:50,302 - api.tasks - INFO - tasks - extract_statements_for_bill_segment - 1938 - Extracted 28 speech segments using LLM indices
2025-06-09 15:32:50,302 - api.tasks - INFO - tasks - process_speech_segments_multithreaded - 2017 - ğŸš€ Processing 28 speech segments in parallel batch for bill '94. AI ë””ì§€í„¸êµê³¼ì„œ ë„ì…ê³¼ì •ì— ëŒ€í•œ ê°ì‚¬ì› ê°ì‚¬ìš”êµ¬ì•ˆ(êµìœ¡ìœ„ì›ì¥ ì œì¶œ)(ì˜ì•ˆë²ˆí˜¸ 2208268)'
2025-06-09 15:32:50,302 - api.tasks - INFO - tasks - analyze_speech_segment_with_llm_batch - 2439 - ğŸš€ Batch analyzing 28 speech segments for bill '94. AI ë””ì§€í„¸êµê³¼ì„œ ë„ì…ê³¼ì •ì— ëŒ€í•œ ê°ì‚¬ì› ê°ì‚¬ìš”êµ¬ì•ˆ(êµìœ¡ìœ„ì›ì¥ ì œì¶œ)(ì˜ì•ˆë²ˆí˜¸ 22...' using gemini-2.5-flash-preview-05-20
2025-06-09 15:32:50,539 - api.tasks - INFO - tasks - get_all_assembly_members - 1868 - âœ… Using 3115 assembly member names from local database
2025-06-09 15:32:50,539 - api.tasks - INFO - tasks - analyze_speech_segment_with_llm_batch - 2462 - Processing batch 1/2: segments 0-19
2025-06-09 15:33:42,699 - api.tasks - INFO - tasks - _execute_batch_analysis - 2641 - Batch processing took 52.2s for 15 segments
2025-06-09 15:33:42,699 - api.tasks - INFO - tasks - _execute_batch_analysis - 2729 - âœ… Batch processed 4 valid statements from 15 segments
2025-06-09 15:33:42,699 - api.tasks - INFO - tasks - analyze_speech_segment_with_llm_batch - 2497 - Resting 3s before next batch...
2025-06-09 15:33:45,700 - api.tasks - INFO - tasks - analyze_speech_segment_with_llm_batch - 2462 - Processing batch 2/2: segments 20-27
2025-06-09 15:33:55,324 - api.tasks - INFO - tasks - _execute_batch_analysis - 2641 - Batch processing took 9.6s for 8 segments
2025-06-09 15:33:55,324 - api.tasks - INFO - tasks - _execute_batch_analysis - 2729 - âœ… Batch processed 0 valid statements from 8 segments
2025-06-09 15:33:55,324 - api.tasks - INFO - tasks - analyze_speech_segment_with_llm_batch - 2500 - âœ… Batch analysis completed: 4 valid statements from 28 segments
2025-06-09 15:33:55,325 - api.tasks - INFO - tasks - process_speech_segments_multithreaded - 2025 - ğŸ‰ Parallel batch processing completed for '94. AI ë””ì§€í„¸êµê³¼ì„œ ë„ì…ê³¼ì •ì— ëŒ€í•œ ê°ì‚¬ì› ê°ì‚¬ìš”êµ¬ì•ˆ(êµìœ¡ìœ„ì›ì¥ ì œì¶œ)(ì˜ì•ˆë²ˆí˜¸ 2208268)': 4 valid statements from 28 segments
2025-06-09 15:33:55,325 - api.tasks - INFO - tasks - extract_statements_with_bill_based_chunking - 3191 - âœ… Bill-based chunked processing for session 54810 completed: 4 statements
2025-06-09 15:33:55,325 - api.tasks - INFO - tasks - process_pdf_text_for_statements - 4472 - âœ… Extracted 4 statements for session 54810
2025-06-09 15:33:55,325 - api.tasks - INFO - tasks - process_extracted_statements_data - 3344 - Attempting to save 4 statements for session 54810.
2025-06-09 15:33:55,469 - api.tasks - INFO - tasks - process_extracted_statements_data - 3436 - âœ… Found exact bill match: '94. AI ë””ì§€í„¸êµê³¼ì„œ ë„ì…ê³¼ì •ì— ëŒ€í•œ ê°ì‚¬ì› ê°ì‚¬ìš”êµ¬ì•ˆ(êµìœ¡ìœ„ì›ì¥ ì œì¶œ)(ì˜ì•ˆë²ˆí˜¸ 2208268)'
2025-06-09 15:33:55,545 - api.tasks - INFO - tasks - process_extracted_statements_data - 3471 - âœ¨ Created statement (33) for ë°•ë²”ê³„ (Bill: 94. AI ë””ì§€í„¸êµê³¼ì„œ ë„ì…ê³¼ì •ì— ...): í•´ ì£¼ì‹œê¸° ë°”ëë‹ˆë‹¤. ì„±ì›ì´ ë˜ì—ˆìœ¼ë¯€ë¡œ ì œ1ì°¨ ë³¸íšŒì˜ë¥¼ ê°œì˜í•˜ê² ìŠµë‹ˆë‹¤. ...
2025-06-09 15:33:55,594 - api.tasks - ERROR - tasks - wrapper - 263 - Non-connection database error (not retrying): SSL SYSCALL error: EOF detected

2025-06-09 15:33:55,594 - api.tasks - ERROR - tasks - get_or_create_speaker - 3889 - âŒ Error in get_or_create_speaker for 'ì£¼ì§„ìš°' after retries: SSL SYSCALL error: EOF detected

2025-06-09 15:33:55,594 - api.tasks - ERROR - tasks - get_or_create_speaker - 3892 - Full traceback for get_or_create_speaker error:
Traceback (most recent call last):
  File "/home/runner/workspace/backend/api/management/commands/force_collection.py", line 199, in run_pdf_only_mode
    raise ImportError("Celery not available")
ImportError: Celery not available

During handling of the above exception, another exception occurred:

Traceback (most recent call last):
  File "/home/runner/workspace/.pythonlibs/lib/python3.12/site-packages/django/db/backends/utils.py", line 105, in _execute
    return self.cursor.execute(sql, params)
           ^^^^^^^^^^^^^^^^^^^^^^^^^^^^^^^^
psycopg2.OperationalError: SSL SYSCALL error: EOF detected


The above exception was the direct cause of the following exception:

Traceback (most recent call last):
  File "/home/runner/workspace/backend/api/tasks.py", line 3887, in get_or_create_speaker
    return _get_or_create_speaker_db()
           ^^^^^^^^^^^^^^^^^^^^^^^^^^^
  File "/home/runner/workspace/backend/api/tasks.py", line 265, in wrapper
    raise e
  File "/home/runner/workspace/backend/api/tasks.py", line 224, in wrapper
    return func(*args, **kwargs)
           ^^^^^^^^^^^^^^^^^^^^^
  File "/home/runner/workspace/backend/api/tasks.py", line 3830, in _get_or_create_speaker_db
    naas_nm=speaker_name_cleaned).first()
                                  ^^^^^^^
  File "/home/runner/workspace/.pythonlibs/lib/python3.12/site-packages/django/db/models/query.py", line 1097, in first
    for obj in queryset[:1]:
               ~~~~~~~~^^^^
  File "/home/runner/workspace/.pythonlibs/lib/python3.12/site-packages/django/db/models/query.py", line 400, in __iter__
    self._fetch_all()
  File "/home/runner/workspace/.pythonlibs/lib/python3.12/site-packages/django/db/models/query.py", line 1928, in _fetch_all
    self._result_cache = list(self._iterable_class(self))
                         ^^^^^^^^^^^^^^^^^^^^^^^^^^^^^^^^
  File "/home/runner/workspace/.pythonlibs/lib/python3.12/site-packages/django/db/models/query.py", line 91, in __iter__
    results = compiler.execute_sql(
              ^^^^^^^^^^^^^^^^^^^^^
  File "/home/runner/workspace/.pythonlibs/lib/python3.12/site-packages/django/db/models/sql/compiler.py", line 1562, in execute_sql
    cursor.execute(sql, params)
  File "/home/runner/workspace/.pythonlibs/lib/python3.12/site-packages/django/db/backends/utils.py", line 122, in execute
    return super().execute(sql, params)
           ^^^^^^^^^^^^^^^^^^^^^^^^^^^^
  File "/home/runner/workspace/.pythonlibs/lib/python3.12/site-packages/django/db/backends/utils.py", line 79, in execute
    return self._execute_with_wrappers(
           ^^^^^^^^^^^^^^^^^^^^^^^^^^^^
  File "/home/runner/workspace/.pythonlibs/lib/python3.12/site-packages/django/db/backends/utils.py", line 92, in _execute_with_wrappers
    return executor(sql, params, many, context)
           ^^^^^^^^^^^^^^^^^^^^^^^^^^^^^^^^^^^^
  File "/home/runner/workspace/.pythonlibs/lib/python3.12/site-packages/django/db/backends/utils.py", line 100, in _execute
    with self.db.wrap_database_errors:
         ^^^^^^^^^^^^^^^^^^^^^^^^^^^^
  File "/home/runner/workspace/.pythonlibs/lib/python3.12/site-packages/django/db/utils.py", line 91, in __exit__
    raise dj_exc_value.with_traceback(traceback) from exc_value
  File "/home/runner/workspace/.pythonlibs/lib/python3.12/site-packages/django/db/backends/utils.py", line 105, in _execute
    return self.cursor.execute(sql, params)
           ^^^^^^^^^^^^^^^^^^^^^^^^^^^^^^^^
django.db.utils.OperationalError: SSL SYSCALL error: EOF detected